$ snap prepare-image --classic /var/lib/snapd/assertions/asserts-v0/model/16/generic/generic-classic/active --channel=stable/ubuntu-20.04 --arch=amd64 --snap snap-store --snap chromium /home/u/a
$ snap prepare-image --classic /var/lib/snapd/assertions/asserts-v0/model/16/generic/generic-classic/active --channel=stable/ubuntu-20.04 --arch=amd64 --snap core=stable --snap core22=stable --snap bare=stable --snap gtk-common-themes --snap gnome-42-2204=stable --snap snap-store --snap cups=stable --snap chromium --snap snapd=stable a

$ cat /var/lib/snapd/assertions/asserts-v0/model/16/generic/generic-classic/active
type: model
authority-id: generic
series: 16
brand-id: generic
model: generic-classic
classic: true
timestamp: 2017-07-27T00:00:00.0Z
sign-key-sha3-384: d-JcZF9nD9eBw7bwMnH61x-bklnQOhQud1Is6o_cn2wTj8EYDi9musrIT9z2MdAa

AcLBXAQAAQoABgUCWYuXiAAKCRAdLQyY+/mCiST0D/0XGQauzV2bbTEy6DkrR1jlNbI6x8vfIdS8
KvEWYvzOWNhNlVSfwNOkFjs3uMHgCO6/fCg03wGXTyV9D7ZgrMeUzWrYp6EmXk8/LQSaBnff86XO
4/vYyfyvEYavhF0kQ6QGg8Cqr0EaMyw0x9/zWEO/Ll9fH/8nv9qcQq8N4AbebNvNxtGsCmJuXpSe
2rxl3Dw8XarYBmqgcBQhXxRNpa6/AgaTNBpPOTqgNA8ZtmbZwYLuaFjpZP410aJSs+evSKepy/ce
+zTA7RB3384YQVeZDdTudX2fGtuCnBZBAJ+NYlk0t8VFXxyOhyMSXeylSpNSx4pCqmUZRyaf5SDS
g1XxJet4IP0stZH1SfPOwc9oE81/bJlKsb9QIQKQRewvtUCLfe9a6Vy/CYd2elvcWOmeANVrJK0m
nRaz6VBm09RJTuwUT6vNugXSOCeF7W3WN1RHJuex0zw+nP3eCehxFSr33YrVniaA7zGfjXvS8tKx
AINNQB4g2fpfet4na6lPPMYM41WHIHPCMTz/fJQ6dZBSEg6UUZ/GiQhGEfWPBteK7yd9pQ8qB3fj
ER4UvKnR7hcVI26e3NGNkXP5kp0SFCkV5NQs8rzXzokpB7p/V5Pnqp3Km6wu45cU6UiTZFhR2IMT
l+6AMtrS4gDGHktOhwfmOMWqmhvR/INF+TjaWbsB6g==

u@Zeus2-2:/var/lib/snapd/assertions/asserts-v0/model$ snap prepare-image --classic /var/lib/snapd/assertions/asserts-v0/model/16/generic/generic-classic/active --channel=stable/ubuntu-20.04 --arch=amd64 --snap snap-store --snap chromium /home/u/a
Fetching snap-store ({959})
Fetching chromium ({2529})
error: cannot add snap "snap-store" without also adding its base "core22" explicitly

u@Zeus2-2:/var/lib/snapd/assertions/asserts-v0/model$ snap prepare-image --classic /var/lib/snapd/assertions/asserts-v0/model/16/generic/generic-classic/active --channel=stable/ubuntu-20.04 --arch=amd64 --snap snap-store --snap core22 --snap chromium /home/u/a 
error: cannot download snap "core22": no snap revision available as specified
u@Zeus2-2:/var/lib/snapd/assertions/asserts-v0/model$ snap prepare-image --classic /var/lib/snapd/assertions/asserts-v0/model/16/generic/generic-classic/active --channel=stable/ubuntu-20.04 --arch=amd64 --snap snap-store --snap core22=stable --snap chromium /home/u/a 
Fetching snap-store ({959})
Fetching core22 ({817})
Fetching chromium ({2529})
error: cannot use snap "snap-store" without its default content provider "gtk-common-themes" being added explicitly

u@Zeus2-2:/var/lib/snapd/assertions/asserts-v0/model$ snap prepare-image --classic /var/lib/snapd/assertions/asserts-v0/model/16/generic/generic-classic/active --channel=stable/ubuntu-20.04 --arch=amd64 --snap gtk-common-themes --snap snap-store --snap core22=stable --snap chromium /home/u/a 
Fetching gtk-common-themes ({1535})
Fetching snap-store ({959})
Fetching core22 ({817})
Fetching chromium ({2529})
error: cannot add snap "gtk-common-themes" without also adding its base "bare" explicitly

u@Zeus2-2:/var/lib/snapd/assertions/asserts-v0/model$ snap prepare-image --classic /var/lib/snapd/assertions/asserts-v0/model/16/generic/generic-classic/active --channel=stable/ubuntu-20.04 --arch=amd64 --snap bare=stable --snap gtk-common-themes --snap snap-store --snap core22=stable --snap chromium /home/u/a 
Fetching bare ({5})
Fetching gtk-common-themes ({1535})
Fetching snap-store ({959})
Fetching core22 ({817})
Fetching chromium ({2529})
error: cannot use snap "snap-store" without its default content provider "gnome-42-2204" being added explicitly

u@Zeus2-2:/var/lib/snapd/assertions/asserts-v0/model$ snap prepare-image --classic /var/lib/snapd/assertions/asserts-v0/model/16/generic/generic-classic/active --channel=stable/ubuntu-20.04 --arch=amd64 --snap bare=stable --snap gtk-common-themes --snap gnome-42-2204=stable --snap snap-store --snap core22=stable --snap chromium /home/u/a 
Fetching bare ({5})
Fetching gtk-common-themes ({1535})
Fetching gnome-42-2204 ({120})
Fetching snap-store ({959})
Fetching core22 ({817})
Fetching chromium ({2529})
error: cannot use snap "chromium" without its default content provider "cups" being added explicitly

u@Zeus2-2:/var/lib/snapd/assertions/asserts-v0/model$ snap prepare-image --classic /var/lib/snapd/assertions/asserts-v0/model/16/generic/generic-classic/active --channel=stable/ubuntu-20.04 --arch=amd64 --snap bare=stable --snap gtk-common-themes --snap gnome-42-2204=stable --snap snap-store --snap core22=stable --snap cups=stable --snap chromium /home/u/a 
Fetching bare ({5})
Fetching gtk-common-themes ({1535})
Fetching gnome-42-2204 ({120})
Fetching snap-store ({959})
Fetching core22 ({817})
Fetching cups ({980})
Fetching chromium ({2529})
WARNING: ensure that the contents under /home/u/a/var/lib/snapd/seed are owned by root:root in the (final) image

u@Zeus2-2:/var/lib/snapd/assertions/asserts-v0/model$ sudo snap prepare-image --classic /var/lib/snapd/assertions/asserts-v0/model/16/generic/generic-classic/active --channel=stable/ubuntu-20.04 --arch=amd64 --snap bare=stable --snap gtk-common-themes --snap gnome-42-2204=stable --snap snap-store --snap core22=stable --snap cups=stable --snap chromium --snap snapd=stable /home/u/a 
Fetching bare ({5})
Fetching gtk-common-themes ({1535})
Fetching gnome-42-2204 ({120})
Fetching snap-store ({959})
Fetching core22 ({817})
Fetching cups ({980})
Fetching chromium ({2529})
Fetching snapd ({19457})

